// Jest Snapshot v1, https://goo.gl/fbAQLP

exports[`Button should match a snapshot 1`] = `<View />`;
